table_create Books TABLE_NO_KEY
column_create Books author COLUMN_SCALAR ShortText
column_create Books file_path COLUMN_SCALAR ShortText
column_create Books main_text COLUMN_SCALAR LongText
column_create Books title COLUMN_SCALAR ShortText
table_create Terms TABLE_PAT_KEY ShortText --default_tokenizer TokenBigram --normalizer NormalizerAuto
column_create Terms entries_title_index COLUMN_INDEX|WITH_POSITION Books title
column_create Terms entries_main_text_index COLUMN_INDEX|WITH_POSITION Books main_text
column_create Terms entries_author_index COLUMN_INDEX|WITH_POSITION Books author
load --table Books
[
["_id","author","file_path","main_text","title"],
[1,"groonga","${PREFIX}/test/epub-searcher/fixtures/empty_contributors_single_spine.epub","\r\n1. groongaの特徴\r\n1.1. groonga の概要\r\ngroonga は転置索引を用いた高速・高精度な全文検索エンジンであり、登録された文書をすぐに検索結果に反映できます。また、参照をブロックせずに更新できることから、即時更新の必要なアプリケーションにおいても高い性能を発揮します。\r\n全文検索エンジンとして開発された groonga ですが、独自のカラムストアを持つ列指向のデータベースとしての側面も持っています。そのため、MySQL や PostgreSQL など、既存の代表的なデータベースが苦手とする集計クエリを高速に処理できるという特徴があり、組み合わせによって弱点を補うような使い方もできます。\r\ngroonga の基本機能は C ライブラリとして提供されていますが、MySQL や PostgreSQL と連携させたり、Ruby から呼び出したりすることもできます。そのため、任意のアプリケーションに組み込むことが可能であり、多様な使い方が考えられます。 興味のある方は 利用例 をご覧ください。\r\n1.2. 全文検索と即時更新\r\n一般的なデータベースにおいては、追加・削除などの操作がすぐに反映されます。一方、全文検索においては、転置索引が逐次更新の難しいデータ構造であることから、文書の追加・削除に対応しないエンジンが少なくありません。\r\nこれに対し、転置索引を用いた全文検索エンジンでありながら、groonga は文書を短時間で追加・削除することができます。その上、更新しながらでも検索できるという優れた特徴を持っているため、全文検索エンジンとしてはとても柔軟性があります。また、複数の転置索引を統合するような重い処理を必要としないので、安定して高い性能を発揮することが期待できます。\r\n1.3. カラムストアと集計クエリ\r\n現代は、インターネットを情報源とすれば、いくらでも情報を収集できる時代です。しかし、膨大な情報から有益な情報を引き出すのは困難であり、多面的な分析による試行錯誤が必要となります。たとえば、日付や時間帯により絞り込んでみたり、地域により絞り込んでみたり、性別や年齢により絞り込んでみたりすることでしょう。そして、そのようなときに便利な存在が集計クエリです。\r\n集計クエリとは、指定したカラムの値によってレコードをグループ化し、各グループに含まれるレコードの数を求めるクエリです。たとえば、地域の ID を格納しているカラムを指定すれば、地域毎のレコード数が求まります。日付のカラムを指定したときの出力をグラフ化すれば、レコード数の時間変化を視覚化することができます。さらに、地域による絞り込みと日付に対する集計クエリを組み合わせれば、特定の地域におけるレコード数の時間変化を視覚化ことも可能です。このように、尺度を自由に選択して絞り込み・集計できることは、膨大な情報を扱う上でとても重要になります。\r\ngroonga が集計クエリを高速に処理できる理由は、データベースの論理構造にカラムストアを採用しているからです。集計クエリが参照するのは指定されたカラムのみであるため、カラム単位でデータを格納する列指向のデータベースでは、必要なカラムのみを無駄なく読み出せることが利点となります。一方、レコード単位でデータを格納する行指向のデータベースでは、隣接するカラムをまとめて読み出してしまうことが欠点となります。\r\n1.4. 転置索引とトークナイザ\r\n転置索引は大規模な全文検索に用いられる伝統的なデータ構造です。転置索引を用いた全文検索エンジンでは、文書を追加するときに索引語を記録しておき、検索するときはクエリを索引語に分割して出現文書を求めます。そのため、文書やクエリから索引語を抜き出す方法が重要になります。\r\nトークナイザは、文字列から索引語を抜き出すモジュールです。日本語を対象とする全文検索においては、形態素を索引語として抜き出す方式と文字 N-gram を抜き出す方式のいずれか、あるいは両方を用いるのが一般的です。形態素方式は検索時間や索引サイズの面で優れているほか、検索結果に不要な文書が含まれにくいという利点を持っています。一方、N-gram 方式には検索漏れが発生しにくいという利点があり、状況によって適した方式を選択することが望ましいとされています。\r\ngroonga は形態素方式と N-gram 方式の両方に対応しています。初期状態で利用できるトークナイザは空白を区切り文字として用いる方式と N-gram 方式のみですが、形態素解析器 MeCab を組み込んだときは MeCab による分かち書きの結果を用いる形態素方式が有効になります。トークナイザはプラグインとして追加できるため、特徴的なキーワードのみを索引語として採用するなど、独自のトークナイザを開発することが可能です。\r\n1.5. 共有可能なストレージと参照ロックフリー\r\nCPU のマルチコア化が進んでいるため、同時に複数のクエリを実行したり、一つのクエリを複数のスレッドで実行したりすることの重要性はますます高まっています。\r\ngroonga のストレージは、複数のスレッド・プロセスで共有することができます。また、参照ロックフリーなデータ構造を採用しているため、更新クエリを実行している状況でも参照クエリを実行することができます。参照クエリを実行できる状態を維持しながら更新クエリを実行できるので、リアルタイムなシステムに適しています。さらには、MySQL を介して更新クエリを実行している最中に groonga の HTTP サーバを介して参照クエリを実行するなど、多彩な運用が可能となっています。\r\n1.6. 位置情報（緯度・経度）検索\r\nGPS に代表される測位システムを搭載した高機能な携帯端末の普及などによって、位置情報を扱うサービスはますます便利になっています。たとえば、近くにあるレストランを探しているときは、現在地からの距離を基準として検索をおこない、検索結果を地図上に表示してくれるようなサービスが便利です。そのため、位置情報検索を高速に実現できることが重要になっています。\r\ngroonga では転置索引を応用して高速な位置情報検索を実現しています。矩形・円による範囲検索に対応しているほか、基準点の近くを優先的に探索させることができます。また、距離計算をサポートしているので、位置情報検索の結果を基準点からの距離によって整列することも可能です。\r\n1.7. groonga ライブラリ\r\nGroonga の基本機能は C ライブラリとして提供されているので、任意のアプリケーションに組み込んで利用することができます。C/C++ 以外については、Ruby から groonga を利用するライブラリなどが関連プロジェクトにおいて提供されています。詳しくは 関連プロジェクト を参照してください。\r\n1.8. groonga サーバ\r\ngroonga にはサーバ機能があるため、レンタルサーバなどの新しいライブラリをインストールできない環境においても利用できます。対応しているのは HTTP, memcached binary プロトコル、およびに groonga の独自プロトコルである gqtp です。サーバとして利用するときはクエリのキャッシュ機能が有効になるため、同じクエリを受け取ったときは応答時間が短くなるという特徴があります。\r\n1.9. groonga ストレージエンジン\r\ngroonga は独自のカラムストアを持つ列指向のデータベースとしての側面を持っていますが、既存の RDBMS のストレージエンジンとして利用することもできます。たとえば、groonga をベースとする MySQL のストレージエンジンとして mroonga が開発されています。mroonga は MySQL のプラグインとして動的にロードすることが可能であり、groonga のカラムストアをストレージとして利用したり、全文検索エンジンとして groonga を MyISAM や InnoDB と連携させたりすることができます。groonga 単体での利用、およびに MyISAM, InnoDB との連携には一長一短があるので、用途に応じて適切な組み合わせを選ぶことが大切です。詳しくは 関連プロジェクト を参照してください。\r\n\r\n","groongaについて"],
[2,"groongaプロジェクト","${PREFIX}/test/epub-searcher/fixtures/single_contributors_multi_spine.epub","\r\n1.1. groonga の概要\r\ngroonga は転置索引を用いた高速・高精度な全文検索エンジンであり、登録された文書をすぐに検索結果に反映できます。また、参照をブロックせずに更新できることから、即時更新の必要なアプリケーションにおいても高い性能を発揮します。\r\n全文検索エンジンとして開発された groonga ですが、独自のカラムストアを持つ列指向のデータベースとしての側面も持っています。そのため、MySQL や PostgreSQL など、既存の代表的なデータベースが苦手とする集計クエリを高速に処理できるという特徴があり、組み合わせによって弱点を補うような使い方もできます。\r\ngroonga の基本機能は C ライブラリとして提供されていますが、MySQL や PostgreSQL と連携させたり、Ruby から呼び出したりすることもできます。そのため、任意のアプリケーションに組み込むことが可能であり、多様な使い方が考えられます。 興味のある方は 利用例 をご覧ください。\r\n\r\n\r\n1.2. 全文検索と即時更新\r\n一般的なデータベースにおいては、追加・削除などの操作がすぐに反映されます。一方、全文検索においては、転置索引が逐次更新の難しいデータ構造であることから、文書の追加・削除に対応しないエンジンが少なくありません。\r\nこれに対し、転置索引を用いた全文検索エンジンでありながら、groonga は文書を短時間で追加・削除することができます。その上、更新しながらでも検索できるという優れた特徴を持っているため、全文検索エンジンとしてはとても柔軟性があります。また、複数の転置索引を統合するような重い処理を必要としないので、安定して高い性能を発揮することが期待できます。\r\n\r\n","groongaについて"],
[3,"groongaプロジェクト","${PREFIX}/test/epub-searcher/fixtures/multi_contributors_multi_spine.epub","\r\n1.1. groonga の概要\r\ngroonga は転置索引を用いた高速・高精度な全文検索エンジンであり、登録された文書をすぐに検索結果に反映できます。また、参照をブロックせずに更新できることから、即時更新の必要なアプリケーションにおいても高い性能を発揮します。\r\n全文検索エンジンとして開発された groonga ですが、独自のカラムストアを持つ列指向のデータベースとしての側面も持っています。そのため、MySQL や PostgreSQL など、既存の代表的なデータベースが苦手とする集計クエリを高速に処理できるという特徴があり、組み合わせによって弱点を補うような使い方もできます。\r\ngroonga の基本機能は C ライブラリとして提供されていますが、MySQL や PostgreSQL と連携させたり、Ruby から呼び出したりすることもできます。そのため、任意のアプリケーションに組み込むことが可能であり、多様な使い方が考えられます。 興味のある方は 利用例 をご覧ください。\r\n\r\n\r\n1.2. 全文検索と即時更新\r\n一般的なデータベースにおいては、追加・削除などの操作がすぐに反映されます。一方、全文検索においては、転置索引が逐次更新の難しいデータ構造であることから、文書の追加・削除に対応しないエンジンが少なくありません。\r\nこれに対し、転置索引を用いた全文検索エンジンでありながら、groonga は文書を短時間で追加・削除することができます。その上、更新しながらでも検索できるという優れた特徴を持っているため、全文検索エンジンとしてはとても柔軟性があります。また、複数の転置索引を統合するような重い処理を必要としないので、安定して高い性能を発揮することが期待できます。\r\n\r\n","groongaについて"]
]
load --table Terms
[
["_key"],
["("],
[")"],
["++"],
[","],
["-"],
["."],
["/"],
["1"],
["2"],
["3"],
["4"],
["5"],
["6"],
["7"],
["8"],
["9"],
["binary"],
["c"],
["cpu"],
["gps"],
["gqtp"],
["gram"],
["groonga"],
["http"],
["id"],
["innodb"],
["mecab"],
["memcached"],
["mroonga"],
["myisam"],
["mysql"],
["n"],
["postgresql"],
["rdbms"],
["ruby"],
["、"],
["。"],
["あり"],
["ある"],
["い"],
["いう"],
["いく"],
["いず"],
["いた"],
["いて"],
["いと"],
["いの"],
["いは"],
["いま"],
["いら"],
["いる"],
["いエ"],
["いデ"],
["いラ"],
["い処"],
["い性"],
["い方"],
["い環"],
["う"],
["うこ"],
["うな"],
["うに"],
["うよ"],
["うサ"],
["う上"],
["う優"],
["う利"],
["う特"],
["えば"],
["えら"],
["おい"],
["おき"],
["おけ"],
["おこ"],
["およ"],
["か"],
["かし"],
["かち"],
["から"],
["が"],
["があ"],
["がす"],
["がで"],
["がら"],
["が一"],
["が便"],
["が利"],
["が参"],
["が可"],
["が含"],
["が大"],
["が少"],
["が必"],
["が有"],
["が望"],
["が期"],
["が欠"],
["が求"],
["が発"],
["が短"],
["が考"],
["が苦"],
["が逐"],
["が進"],
["が重"],
["が開"],
["が関"],
["が集"],
["き"],
["きな"],
["きに"],
["きの"],
["きは"],
["きま"],
["きる"],
["き出"],
["くあ"],
["くい"],
["くだ"],
["くな"],
["くに"],
["くは"],
["くら"],
["くれ"],
["くを"],
["く読"],
["ぐに"],
["ける"],
["け取"],
["こと"],
["こな"],
["この"],
["これ"],
["ご覧"],
["さい"],
["させ"],
["さら"],
["され"],
["し"],
["しい"],
["しか"],
["しく"],
["した"],
["して"],
["しな"],
["しに"],
["しま"],
["しょ"],
["じて"],
["じク"],
["す"],
["すが"],
["すぐ"],
["すの"],
["すま"],
["する"],
["すれ"],
["すモ"],
["す便"],
["す方"],
["す高"],
["ずに"],
["ずれ"],
["せず"],
["せた"],
["せに"],
["せる"],
["せれ"],
["せを"],
["せん"],
["そし"],
["その"],
["た"],
["たと"],
["ため"],
["たり"],
["たカ"],
["た全"],
["た文"],
["た方"],
["た特"],
["た高"],
["ださ"],
["だと"],
["ち書"],
["った"],
["って"],
["つい"],
["つの"],
["つ列"],
["て"],
["てい"],
["てお"],
["てく"],
["てし"],
["ての"],
["ては"],
["ても"],
["てレ"],
["て出"],
["て利"],
["て動"],
["て参"],
["て弱"],
["て抜"],
["て採"],
["て提"],
["て整"],
["て更"],
["て検"],
["て用"],
["て絞"],
["て読"],
["て追"],
["て適"],
["て開"],
["て高"],
["で"],
["であ"],
["でい"],
["でき"],
["でし"],
["です"],
["でと"],
["での"],
["では"],
["でみ"],
["でも"],
["でデ"],
["で優"],
["で共"],
["で利"],
["で実"],
["で追"],
["と"],
["とい"],
["とえ"],
["とか"],
["とが"],
["とき"],
["とさ"],
["とし"],
["とす"],
["とて"],
["とで"],
["とな"],
["との"],
["とは"],
["とめ"],
["とも"],
["とト"],
["と即"],
["と参"],
["と文"],
["と日"],
["と連"],
["と集"],
["ど"],
["どが"],
["どに"],
["どの"],
["ない"],
["なが"],
["なく"],
["なっ"],
["なと"],
["など"],
["なり"],
["なる"],
["なア"],
["なカ"],
["なキ"],
["なサ"],
["なシ"],
["なス"],
["なデ"],
["な位"],
["な使"],
["な全"],
["な分"],
["な存"],
["な情"],
["な携"],
["な文"],
["な組"],
["な運"],
["な重"],
["に"],
["にあ"],
["にお"],
["にく"],
["につ"],
["にな"],
["には"],
["によ"],
["にカ"],
["にロ"],
["に不"],
["に代"],
["に便"],
["に処"],
["に分"],
["に反"],
["に含"],
["に実"],
["に対"],
["に応"],
["に探"],
["に更"],
["に検"],
["に用"],
["に索"],
["に組"],
["に表"],
["に複"],
["に適"],
["に選"],
["の"],
["のあ"],
["のい"],
["のが"],
["のた"],
["ので"],
["のは"],
["のみ"],
["のよ"],
["のア"],
["のカ"],
["のキ"],
["のク"],
["のス"],
["のデ"],
["のト"],
["のプ"],
["のマ"],
["のレ"],
["の上"],
["の両"],
["の代"],
["の値"],
["の側"],
["の出"],
["の利"],
["の地"],
["の基"],
["の必"],
["の操"],
["の数"],
["の新"],
["の時"],
["の普"],
["の概"],
["の特"],
["の独"],
["の結"],
["の論"],
["の距"],
["の転"],
["の近"],
["の追"],
["の連"],
["の重"],
["の難"],
["の面"],
["は"],
["はと"],
["はま"],
["はク"],
["はサ"],
["はプ"],
["は一"],
["は両"],
["は困"],
["は大"],
["は形"],
["は応"],
["は指"],
["は文"],
["は検"],
["は独"],
["は空"],
["は転"],
["ば"],
["びに"],
["び出"],
["ぶこ"],
["ほか"],
["まう"],
["まし"],
["ます"],
["ませ"],
["また"],
["まっ"],
["まと"],
["まり"],
["まれ"],
["みた"],
["みで"],
["みと"],
["みを"],
["み・"],
["み出"],
["み合"],
["み込"],
["むこ"],
["め"],
["めて"],
["めま"],
["める"],
["もで"],
["も利"],
["も参"],
["も可"],
["も情"],
["も持"],
["も柔"],
["も検"],
["も重"],
["も高"],
["や"],
["やク"],
["や年"],
["や時"],
["や索"],
["ょう"],
["よう"],
["よっ"],
["よび"],
["より"],
["よる"],
["ら"],
["らで"],
["らに"],
["らの"],
["られ"],
["ら呼"],
["ら更"],
["ら有"],
["ら索"],
["り"],
["りす"],
["りな"],
["りま"],
["り文"],
["り絞"],
["り込"],
["る"],
["るい"],
["るか"],
["るこ"],
["るた"],
["ると"],
["るな"],
["るの"],
["るほ"],
["るよ"],
["るカ"],
["るク"],
["るト"],
["るラ"],
["るレ"],
["る伝"],
["る全"],
["る分"],
["る列"],
["る形"],
["る方"],
["る時"],
["る最"],
["る測"],
["る状"],
["る理"],
["る範"],
["る絞"],
["る行"],
["る試"],
["る集"],
["れか"],
["れが"],
["れた"],
["れて"],
["れに"],
["れば"],
["れま"],
["れる"],
["わせ"],
["を"],
["をお"],
["をご"],
["をす"],
["をま"],
["をイ"],
["をグ"],
["をサ"],
["をス"],
["をブ"],
["をベ"],
["を介"],
["を優"],
["を利"],
["を区"],
["を参"],
["を収"],
["を受"],
["を地"],
["を基"],
["を実"],
["を対"],
["を引"],
["を必"],
["を応"],
["を情"],
["を扱"],
["を抜"],
["を持"],
["を指"],
["を採"],
["を探"],
["を搭"],
["を格"],
["を求"],
["を無"],
["を用"],
["を発"],
["を短"],
["を索"],
["を組"],
["を統"],
["を維"],
["を自"],
["を補"],
["を複"],
["を視"],
["を記"],
["を追"],
["を選"],
["を開"],
["を高"],
["ん"],
["んだ"],
["んで"],
["アと"],
["アを"],
["アプ"],
["アル"],
["ア化"],
["イザ"],
["イズ"],
["イブ"],
["イム"],
["イン"],
["ェク"],
["エリ"],
["エン"],
["カラ"],
["キャ"],
["キー"],
["クせ"],
["クエ"],
["クト"],
["クナ"],
["クフ"],
["グイ"],
["グラ"],
["グル"],
["ケー"],
["コア"],
["コル"],
["コー"],
["サイ"],
["サポ"],
["サー"],
["ザ"],
["ザは"],
["ザを"],
["シス"],
["シュ"],
["ショ"],
["ジと"],
["ジは"],
["ジェ"],
["ジエ"],
["ジュ"],
["ジン"],
["スが"],
["スで"],
["スと"],
["スに"],
["スの"],
["スは"],
["ステ"],
["スト"],
["スレ"],
["ズの"],
["セス"],
["タを"],
["タイ"],
["タベ"],
["タル"],
["ター"],
["タ構"],
["チコ"],
["ック"],
["ッシ"],
["ット"],
["ッド"],
["テム"],
["デー"],
["ト"],
["トし"],
["トに"],
["トを"],
["トア"],
["トコ"],
["トラ"],
["トレ"],
["トー"],
["ドす"],
["ドで"],
["ドの"],
["ドを"],
["ド・"],
["ド単"],
["ド数"],
["ナイ"],
["ネッ"],
["バ"],
["バと"],
["バな"],
["バを"],
["バ機"],
["ビス"],
["フリ"],
["フ化"],
["ブラ"],
["ブロ"],
["プに"],
["プラ"],
["プリ"],
["プロ"],
["プ化"],
["ベー"],
["ポー"],
["マル"],
["ムな"],
["ムに"],
["ムの"],
["ムを"],
["ムス"],
["ム単"],
["モジ"],
["ャッ"],
["ュー"],
["ュ機"],
["ョン"],
["ライ"],
["ラグ"],
["ラフ"],
["ラム"],
["ラリ"],
["ラン"],
["リ"],
["リか"],
["リが"],
["リで"],
["リと"],
["リな"],
["リの"],
["リを"],
["リア"],
["リケ"],
["リー"],
["ル"],
["ルで"],
["ルサ"],
["ルタ"],
["ルチ"],
["ルー"],
["レコ"],
["レス"],
["レッ"],
["レン"],
["レー"],
["ロジ"],
["ロセ"],
["ロッ"],
["ロト"],
["ロー"],
["ワー"],
["ン"],
["ンが"],
["ンで"],
["ンと"],
["ンに"],
["ンを"],
["ンジ"],
["ンス"],
["ンタ"],
["・プ"],
["・円"],
["・削"],
["・経"],
["・集"],
["・高"],
["ー"],
["ーな"],
["ーク"],
["ーシ"],
["ージ"],
["ース"],
["ータ"],
["ート"],
["ード"],
["ーネ"],
["ーバ"],
["ービ"],
["ープ"],
["ール"],
["ーワ"],
["一つ"],
["一方"],
["一短"],
["一般"],
["一長"],
["上"],
["上で"],
["上に"],
["不要"],
["両方"],
["中に"],
["介し"],
["付に"],
["付の"],
["付や"],
["代で"],
["代は"],
["代表"],
["以外"],
["任意"],
["伝統"],
["位で"],
["位シ"],
["位置"],
["体で"],
["作が"],
["使い"],
["例"],
["供さ"],
["便利"],
["値に"],
["側面"],
["優れ"],
["優先"],
["先的"],
["全文"],
["共有"],
["円に"],
["処理"],
["出し"],
["出す"],
["出せ"],
["出力"],
["出現"],
["分か"],
["分割"],
["分析"],
["切で"],
["切な"],
["切り"],
["列か"],
["列す"],
["列指"],
["初期"],
["別や"],
["利で"],
["利な"],
["利に"],
["利点"],
["利用"],
["削除"],
["割し"],
["力を"],
["加す"],
["加で"],
["加・"],
["効に"],
["動的"],
["化が"],
["化こ"],
["化し"],
["化す"],
["化を"],
["区切"],
["単位"],
["単体"],
["即時"],
["参照"],
["及な"],
["反映"],
["収集"],
["取っ"],
["受け"],
["可能"],
["各グ"],
["合す"],
["合わ"],
["同じ"],
["同時"],
["向の"],
["含ま"],
["味の"],
["呼び"],
["器"],
["困難"],
["囲検"],
["図上"],
["在が"],
["在地"],
["地か"],
["地図"],
["地域"],
["域に"],
["域の"],
["域毎"],
["基本"],
["基準"],
["報"],
["報か"],
["報を"],
["報検"],
["報源"],
["境に"],
["変化"],
["外に"],
["多彩"],
["多様"],
["多面"],
["大な"],
["大切"],
["大規"],
["字"],
["字と"],
["字列"],
["存の"],
["存在"],
["安定"],
["定さ"],
["定し"],
["定す"],
["定の"],
["実現"],
["実行"],
["対し"],
["対す"],
["対応"],
["対象"],
["少な"],
["尺度"],
["帯に"],
["帯端"],
["年齢"],
["度"],
["度な"],
["度を"],
["度・"],
["式が"],
["式と"],
["式に"],
["式の"],
["式は"],
["式を"],
["引が"],
["引き"],
["引と"],
["引は"],
["引を"],
["引サ"],
["引語"],
["弱点"],
["形・"],
["形態"],
["彩な"],
["待で"],
["徴"],
["徴が"],
["徴を"],
["徴的"],
["必要"],
["応し"],
["応じ"],
["応用"],
["応答"],
["性が"],
["性は"],
["性別"],
["性能"],
["情報"],
["意の"],
["態で"],
["態を"],
["態素"],
["手と"],
["扱う"],
["抜き"],
["択し"],
["択す"],
["持し"],
["持っ"],
["持つ"],
["指向"],
["指定"],
["採用"],
["探し"],
["探索"],
["接す"],
["提供"],
["揮し"],
["揮す"],
["搭載"],
["携さ"],
["携に"],
["携帯"],
["操作"],
["数が"],
["数の"],
["数を"],
["整列"],
["文字"],
["文書"],
["文検"],
["新"],
["新し"],
["新で"],
["新の"],
["新ク"],
["方"],
["方が"],
["方に"],
["方は"],
["方も"],
["方を"],
["方式"],
["方法"],
["既存"],
["日付"],
["日本"],
["映さ"],
["映で"],
["時に"],
["時代"],
["時更"],
["時間"],
["普及"],
["更新"],
["書が"],
["書き"],
["書の"],
["書や"],
["書を"],
["最中"],
["有す"],
["有効"],
["有可"],
["有益"],
["望ま"],
["期待"],
["期状"],
["末の"],
["本機"],
["本語"],
["析に"],
["析器"],
["果に"],
["果を"],
["柔軟"],
["格納"],
["検索"],
["概要"],
["構造"],
["様な"],
["模な"],
["機能"],
["欠点"],
["次更"],
["毎の"],
["求ま"],
["求め"],
["況で"],
["況に"],
["法が"],
["測位"],
["源と"],
["準と"],
["準点"],
["漏れ"],
["点か"],
["点が"],
["点と"],
["点の"],
["点を"],
["無駄"],
["照し"],
["照す"],
["照を"],
["照ク"],
["照ロ"],
["特定"],
["特徴"],
["状態"],
["状況"],
["独自"],
["現し"],
["現で"],
["現代"],
["現在"],
["現文"],
["理で"],
["理を"],
["理構"],
["理由"],
["環境"],
["生し"],
["用"],
["用い"],
["用が"],
["用し"],
["用す"],
["用で"],
["用例"],
["用途"],
["由に"],
["由は"],
["発さ"],
["発す"],
["発揮"],
["発生"],
["登録"],
["白を"],
["的で"],
["的な"],
["的に"],
["益な"],
["矩形"],
["短が"],
["短く"],
["短時"],
["示し"],
["空白"],
["端末"],
["答時"],
["算を"],
["範囲"],
["精度"],
["納し"],
["納す"],
["素を"],
["素方"],
["素解"],
["索"],
["索さ"],
["索す"],
["索で"],
["索と"],
["索に"],
["索の"],
["索を"],
["索エ"],
["索引"],
["索時"],
["索漏"],
["索結"],
["組み"],
["経度"],
["結果"],
["絞り"],
["統合"],
["統的"],
["維持"],
["緯度"],
["置情"],
["置索"],
["考え"],
["能が"],
["能で"],
["能と"],
["能な"],
["能は"],
["能を"],
["膨大"],
["自の"],
["自プ"],
["自由"],
["興味"],
["般的"],
["苦手"],
["行し"],
["行す"],
["行で"],
["行指"],
["行錯"],
["表さ"],
["表的"],
["表示"],
["補う"],
["複数"],
["要"],
["要と"],
["要な"],
["要に"],
["要性"],
["規模"],
["視覚"],
["覚化"],
["覧く"],
["解析"],
["計で"],
["計ク"],
["計算"],
["記録"],
["試行"],
["詳し"],
["語と"],
["語に"],
["語を"],
["誤が"],
["読み"],
["論理"],
["象と"],
["距離"],
["軟性"],
["転置"],
["載し"],
["込み"],
["込む"],
["込ん"],
["近く"],
["追加"],
["逐次"],
["途に"],
["速な"],
["速に"],
["速・"],
["造で"],
["造に"],
["造を"],
["連プ"],
["連携"],
["進ん"],
["運用"],
["適し"],
["適切"],
["選ぶ"],
["選択"],
["重い"],
["重要"],
["錯誤"],
["録さ"],
["録し"],
["長一"],
["開発"],
["間が"],
["間で"],
["間や"],
["間変"],
["間帯"],
["関連"],
["除す"],
["除な"],
["除に"],
["隣接"],
["集で"],
["集計"],
["離に"],
["離を"],
["離計"],
["難し"],
["難で"],
["面で"],
["面も"],
["面を"],
["面的"],
["駄な"],
["高い"],
["高ま"],
["高機"],
["高精"],
["高速"],
["齢に"]
]
