table_create Books TABLE_HASH_KEY ShortText
column_create Books author COLUMN_SCALAR ShortText
column_create Books main_text COLUMN_SCALAR LongText
column_create Books title COLUMN_SCALAR ShortText
