
1.1. groonga の概要
groonga は転置索引を用いた高速・高精度な全文検索エンジンであり、登録された文書をすぐに検索結果に反映できます。また、参照をブロックせずに更新できることから、即時更新の必要なアプリケーションにおいても高い性能を発揮します。
全文検索エンジンとして開発された groonga ですが、独自のカラムストアを持つ列指向のデータベースとしての側面も持っています。そのため、MySQL や PostgreSQL など、既存の代表的なデータベースが苦手とする集計クエリを高速に処理できるという特徴があり、組み合わせによって弱点を補うような使い方もできます。
groonga の基本機能は C ライブラリとして提供されていますが、MySQL や PostgreSQL と連携させたり、Ruby から呼び出したりすることもできます。そのため、任意のアプリケーションに組み込むことが可能であり、多様な使い方が考えられます。 興味のある方は 利用例 をご覧ください。


1.2. 全文検索と即時更新
一般的なデータベースにおいては、追加・削除などの操作がすぐに反映されます。一方、全文検索においては、転置索引が逐次更新の難しいデータ構造であることから、文書の追加・削除に対応しないエンジンが少なくありません。
これに対し、転置索引を用いた全文検索エンジンでありながら、groonga は文書を短時間で追加・削除することができます。その上、更新しながらでも検索できるという優れた特徴を持っているため、全文検索エンジンとしてはとても柔軟性があります。また、複数の転置索引を統合するような重い処理を必要としないので、安定して高い性能を発揮することが期待できます。

